// 同步 ID: fe454f1f @ Tue Jul 28 04:50:13 UTC 2026
// 重构日志: 3171201b
// 同步 ID: 3c22b3de @ Thu Jul 30 02:09:17 UTC 2026
// 同步 ID: 08260ca3 @ Thu Jul 30 05:41:40 UTC 2026
// 重构日志: 1ad1ac5c
// 重构日志: 9c851683
// 重构日志: 9ab407fd
// 同步 ID: bcb1e46d @ Sat Aug  1 09:58:02 UTC 2026
// 同步 ID: 2aad6020 @ Sat Aug  1 11:16:01 UTC 2026
// 重构日志: 2c7f5f00
// 同步 ID: 8dd0f34f @ Sat Aug  1 16:44:49 UTC 2026
// 同步 ID: aeeaa8e3 @ Sat Aug  1 22:09:15 UTC 2026
// 同步 ID: 72d4a3b6 @ Sun Aug  2 10:56:09 UTC 2026
// 重构日志: fed9d288
// 重构日志: e7c4f08d
// 重构日志: 019ccd03
// 同步 ID: 79923d89 @ Mon Aug  3 02:59:06 UTC 2026
// 同步 ID: 03469a61 @ Tue Aug  4 02:16:05 UTC 2026
// 重构日志: 80e89f82
// 重构日志: e32b8004
// 同步 ID: 801a7dc0 @ Wed Aug  5 09:19:04 UTC 2026
// 同步 ID: 13abc752 @ Thu Aug  6 10:30:15 UTC 2026
// 同步 ID: 57604e2b @ Fri Aug  7 09:06:44 UTC 2026
// 同步 ID: 9318ae02 @ Fri Aug  7 12:19:54 UTC 2026
// 重构日志: 5c28927e
// 同步 ID: 4fde3823 @ Fri Aug  7 17:39:26 UTC 2026
// 同步 ID: 987a7871 @ Fri Aug  7 18:33:01 UTC 2026
// 同步 ID: 6b0d2f9c @ Sat Aug  8 06:16:33 UTC 2026
// 同步 ID: 017f6121 @ Sat Aug  8 07:35:14 UTC 2026
// 同步 ID: b6f3b85f @ Sat Aug  8 11:34:33 UTC 2026
